	at net.minecraftforge.eventbus.EventBus.doCastFilter(EventBus.java:267) ~[eventbus-6.2.33.jar%23137!/:?] {}
	at net.minecraftforge.eventbus.EventBus.lambda$addListener$4(EventBus.java:258) ~[eventbus-6.2.33.jar%23137!/:?] {}
	at net.minecraftforge.eventbus.EventBus.post(EventBus.java:312) ~[eventbus-6.2.33.jar%23137!/:?] {}
	at net.minecraftforge.eventbus.EventBus.post(EventBus.java:298) ~[eventbus-6.2.33.jar%23137!/:?] {}
	at net.minecraftforge.network.NetworkInstance.dispatch(NetworkInstance.java:68) ~[forge-1.20.1-47.4.22-universal.jar%23307!/:?] {re:classloading}
	at net.minecraftforge.network.NetworkHooks.lambda$onCustomPayload$1(NetworkHooks.java:85) ~[forge-1.20.1-47.4.22-universal.jar%23307!/:?] {re:mixin,re:classloading,pl:mixin:APP:modernfix-modernfix.mixins.json:core.NetworkHooksMixin,pl:mixin:A}
	at java.util.Optional.map(Optional.java:260) ~[?:?] {re:mixin}
	at net.minecraftforge.network.NetworkHooks.onCustomPayload(NetworkHooks.java:85) ~[forge-1.20.1-47.4.22-universal.jar%23307!/:?] {re:mixin,re:classloading,pl:mixin:APP:modernfix-modernfix.mixins.json:core.NetworkHooksMixin,pl:mixin:A}
	at net.minecraft.client.multiplayer.ClientPacketListener.m_7413_(ClientPacketListener.java:1863) ~[client-1.20.1-20230612.114412-srg.jar%23302!/:?] {re:mixin,pl:accesstransformer:B,re:classloading,pl:accesstransformer:B,pl:mixin:A}
	at net.minecraft.network.protocol.game.ClientboundCustomPayloadPacket.m_5797_(ClientboundCustomPayloadPacket.java:57) ~[client-1.20.1-20230612.114412-srg.jar%23302!/:?] {re:mixin,re:classloading,pl:mixin:APP:packetfixer.v1_19_4.forge.mixins.json:v1_19_4_forge.ClientboundCustomPayloadPacketMixin,pl:mixin:A}
	at net.minecraft.network.protocol.game.ClientboundCustomPayloadPacket.m_5797_(ClientboundCustomPayloadPacket.java:7) ~[client-1.20.1-20230612.114412-srg.jar%23302!/:?] {re:mixin,re:classloading,pl:mixin:APP:packetfixer.v1_19_4.forge.mixins.json:v1_19_4_forge.ClientboundCustomPayloadPacketMixin,pl:mixin:A}
	at net.minecraft.network.Connection.m_129517_(Connection.java:174) ~[client-1.20.1-20230612.114412-srg.jar%23302!/:?] {re:mixin,re:classloading,pl:mixin:APP:modernfix-modernfix.mixins.json:perf.smart_ingredient_sync.ConnectionMixin,pl:mixin:APP:chat_heads.mixins.json:ConnectionMixin,pl:mixin:APP:mixins/forge/nochatreports-forge.mixins.json:client.MixinClientConnection,pl:mixin:A}
	at net.minecraft.network.Connection.channelRead0(Connection.java:159) ~[client-1.20.1-20230612.114412-srg.jar%23302!/:?] {re:mixin,re:classloading,pl:mixin:APP:modernfix-modernfix.mixins.json:perf.smart_ingredient_sync.ConnectionMixin,pl:mixin:APP:chat_heads.mixins.json:ConnectionMixin,pl:mixin:APP:mixins/forge/nochatreports-forge.mixins.json:client.MixinClientConnection,pl:mixin:A}
	at net.minecraft.network.Connection.channelRead0(Connection.java:50) ~[client-1.20.1-20230612.114412-srg.jar%23302!/:?] {re:mixin,re:classloading,pl:mixin:APP:modernfix-modernfix.mixins.json:perf.smart_ingredient_sync.ConnectionMixin,pl:mixin:APP:chat_heads.mixins.json:ConnectionMixin,pl:mixin:APP:mixins/forge/nochatreports-forge.mixins.json:client.MixinClientConnection,pl:mixin:A}
	at io.netty.channel.SimpleChannelInboundHandler.channelRead(SimpleChannelInboundHandler.java:99) ~[netty-transport-4.1.82.Final.jar%23107!/:4.1.82.Final] {re:mixin,re:computing_frames}
	at io.netty.channel.AbstractChannelHandlerContext.invokeChannelRead(AbstractChannelHandlerContext.java:379) ~[netty-transport-4.1.82.Final.jar%23107!/:4.1.82.Final] {}
	at io.netty.channel.AbstractChannelHandlerContext.invokeChannelRead(AbstractChannelHandlerContext.java:365) ~[netty-transport-4.1.82.Final.jar%23107!/:4.1.82.Final] {}
	at io.netty.channel.AbstractChannelHandlerContext.fireChannelRead(AbstractChannelHandlerContext.java:357) ~[netty-transport-4.1.82.Final.jar%23107!/:4.1.82.Final] {}
	at io.netty.channel.DefaultChannelPipeline$HeadContext.channelRead(DefaultChannelPipeline.java:1410) ~[netty-transport-4.1.82.Final.jar%23107!/:4.1.82.Final] {}
	at io.netty.channel.AbstractChannelHandlerContext.invokeChannelRead(AbstractChannelHandlerContext.java:379) ~[netty-transport-4.1.82.Final.jar%23107!/:4.1.82.Final] {}
	at io.netty.channel.AbstractChannelHandlerContext.invokeChannelRead(AbstractChannelHandlerContext.java:365) ~[netty-transport-4.1.82.Final.jar%23107!/:4.1.82.Final] {}
	at io.netty.channel.DefaultChannelPipeline.fireChannelRead(DefaultChannelPipeline.java:919) ~[netty-transport-4.1.82.Final.jar%23107!/:4.1.82.Final] {}
	at io.netty.channel.local.LocalChannel.readInbound(LocalChannel.java:299) ~[netty-transport-4.1.82.Final.jar%23107!/:4.1.82.Final] {}
	at io.netty.channel.local.LocalChannel.doBeginRead(LocalChannel.java:322) ~[netty-transport-4.1.82.Final.jar%23107!/:4.1.82.Final] {}
	at io.netty.channel.AbstractChannel$AbstractUnsafe.beginRead(AbstractChannel.java:834) ~[netty-transport-4.1.82.Final.jar%23107!/:4.1.82.Final] {}
	at io.netty.channel.DefaultChannelPipeline$HeadContext.read(DefaultChannelPipeline.java:1362) ~[netty-transport-4.1.82.Final.jar%23107!/:4.1.82.Final] {}
	at io.netty.channel.AbstractChannelHandlerContext.invokeRead(AbstractChannelHandlerContext.java:686) ~[netty-transport-4.1.82.Final.jar%23107!/:4.1.82.Final] {}
	at io.netty.channel.AbstractChannelHandlerContext.read(AbstractChannelHandlerContext.java:671) ~[netty-transport-4.1.82.Final.jar%23107!/:4.1.82.Final] {}
	at io.netty.channel.DefaultChannelPipeline.read(DefaultChannelPipeline.java:1004) ~[netty-transport-4.1.82.Final.jar%23107!/:4.1.82.Final] {}
	at io.netty.channel.AbstractChannel.read(AbstractChannel.java:290) ~[netty-transport-4.1.82.Final.jar%23107!/:4.1.82.Final] {}
	at io.netty.channel.DefaultChannelPipeline$HeadContext.readIfIsAutoRead(DefaultChannelPipeline.java:1422) ~[netty-transport-4.1.82.Final.jar%23107!/:4.1.82.Final] {}
	at io.netty.channel.DefaultChannelPipeline$HeadContext.channelReadComplete(DefaultChannelPipeline.java:1417) ~[netty-transport-4.1.82.Final.jar%23107!/:4.1.82.Final] {}
	at io.netty.channel.AbstractChannelHandlerContext.invokeChannelReadComplete(AbstractChannelHandlerContext.java:410) ~[netty-transport-4.1.82.Final.jar%23107!/:4.1.82.Final] {}
	at io.netty.channel.AbstractChannelHandlerContext.invokeChannelReadComplete(AbstractChannelHandlerContext.java:397) ~[netty-transport-4.1.82.Final.jar%23107!/:4.1.82.Final] {}
	at io.netty.channel.DefaultChannelPipeline.fireChannelReadComplete(DefaultChannelPipeline.java:925) ~[netty-transport-4.1.82.Final.jar%23107!/:4.1.82.Final] {}
	at io.netty.channel.local.LocalChannel.readInbound(LocalChannel.java:302) ~[netty-transport-4.1.82.Final.jar%23107!/:4.1.82.Final] {}
	at io.netty.channel.local.LocalChannel.finishPeerRead0(LocalChannel.java:445) ~[netty-transport-4.1.82.Final.jar%23107!/:4.1.82.Final] {}
	at io.netty.channel.local.LocalChannel.access$400(LocalChannel.java:50) ~[netty-transport-4.1.82.Final.jar%23107!/:4.1.82.Final] {}
	at io.netty.channel.local.LocalChannel$5.run(LocalChannel.java:403) ~[netty-transport-4.1.82.Final.jar%23107!/:4.1.82.Final] {}
	at io.netty.util.concurrent.AbstractEventExecutor.runTask(AbstractEventExecutor.java:174) ~[netty-common-4.1.82.Final.jar%23102!/:4.1.82.Final] {}
	at io.netty.channel.DefaultEventLoop.run(DefaultEventLoop.java:54) ~[netty-transport-4.1.82.Final.jar%23107!/:4.1.82.Final] {}
	at io.netty.util.concurrent.SingleThreadEventExecutor$4.run(SingleThreadEventExecutor.java:997) ~[netty-common-4.1.82.Final.jar%23102!/:4.1.82.Final] {}
	at io.netty.util.internal.ThreadExecutorMap$2.run(ThreadExecutorMap.java:74) ~[netty-common-4.1.82.Final.jar%23102!/:4.1.82.Final] {}
	at java.lang.Thread.run(Thread.java:1583) ~[?:?] {re:mixin}
[13:31:53] [Render thread/INFO] [ARMOREDARMS-CORE/]: Registered render layer
[13:31:53] [Render thread/INFO] [ARMOREDARMS-CORE/]:    Layer: com.artur114.armoredarms.client.layers.ArmRenderLayerArmor@36b23f79
[13:31:53] [Render thread/INFO] [ARMOREDARMS-CORE/]:    Engine: com.artur114.armoredarms.client.engines.ArmRenderEngineForge@64d9f10b
[13:31:53] [Render thread/INFO] [ARMOREDARMS-CORE/]:    Priority: NORMAL
[13:31:53] [Render thread/INFO] [ARMOREDARMS-CORE/]: Registered render layer
[13:31:53] [Render thread/INFO] [ARMOREDARMS-CORE/]:    Layer: com.artur114.armoredarms.client.layers.ArmRenderLayerHand@53917734
[13:31:53] [Render thread/INFO] [ARMOREDARMS-CORE/]:    Engine: com.artur114.armoredarms.client.engines.ArmRenderEngineForge@64d9f10b
[13:31:53] [Render thread/INFO] [ARMOREDARMS-CORE/]:    Priority: HIGH
[13:31:53] [Render thread/INFO] [ARMOREDARMS-CORE/]: Registered bone adapter
[13:31:53] [Render thread/INFO] [ARMOREDARMS-CORE/]:    Adapter: com.artur114.armoredarms.client.integration.geckolib.modelrender.BoneAdapterGeoBone@2aeaed95
[13:31:53] [Render thread/INFO] [ARMOREDARMS-CORE/]:    Target class: class com.artur114.armoredarms.client.integration.geckolib.modelrender.PSGeoBone
[13:31:53] [Render thread/INFO] [ARMOREDARMS-CORE/]:    Priority: NORMAL
[13:31:53] [Render thread/INFO] [ARMOREDARMS-CORE/]: Registered bone adapter
[13:31:53] [Render thread/INFO] [ARMOREDARMS-CORE/]:    Adapter: com.artur114.armoredarms.client.engines.AbstractRenderEngineForge$BoneAdepterModelPart@1761bc8c
[13:31:53] [Render thread/INFO] [ARMOREDARMS-CORE/]:    Target class: class net.minecraft.client.model.geom.ModelPart
[13:31:53] [Render thread/INFO] [ARMOREDARMS-CORE/]:    Priority: NORMAL
[13:31:53] [Render thread/INFO] [ARMOREDARMS-CORE/]: Render queue
[13:31:53] [Render thread/INFO] [ARMOREDARMS-CORE/]:    -start:
[13:31:53] [Render thread/INFO] [ARMOREDARMS-CORE/]:        -> com.artur114.armoredarms.client.layers.ArmRenderLayerHand@53917734
[13:31:53] [Render thread/INFO] [ARMOREDARMS-CORE/]:        -> com.artur114.armoredarms.client.layers.ArmRenderLayerArmor@36b23f79
[13:31:53] [Render thread/INFO] [ARMOREDARMS-CORE/]:    -end|
[13:31:53] [Render thread/INFO] [ARMOREDARMS-CORE/]: Registered model manager
[13:31:53] [Render thread/INFO] [ARMOREDARMS-CORE/]:    Layer: com.artur114.armoredarms.client.layers.ArmRenderLayerHand@53917734
[13:31:53] [Render thread/INFO] [ARMOREDARMS-CORE/]:    Manager: com.artur114.armoredarms.client.integration.playeranimator.modelrender.ArmModelManagerPlayerAnim@76b6a07b
[13:31:53] [Render thread/INFO] [ARMOREDARMS-CORE/]: Registered dynamic render container
[13:31:53] [Render thread/INFO] [ARMOREDARMS-CORE/]:    Layer: com.artur114.armoredarms.client.layers.ArmRenderLayerHand@53917734
[13:31:53] [Render thread/INFO] [ARMOREDARMS-CORE/]:    Container: com.artur114.armoredarms.client.modelrender.player.ArmModelContainerPlayer@5fa08f62
[13:31:53] [Render thread/INFO] [ARMOREDARMS-CORE/]: Registered absolute model manager
[13:31:53] [Render thread/INFO] [ARMOREDARMS-CORE/]:    Layer: com.artur114.armoredarms.client.layers.ArmRenderLayerArmor@36b23f79
[13:31:53] [Render thread/INFO] [ARMOREDARMS-CORE/]:    Manager: com.artur114.armoredarms.client.modelrender.armor.ArmModelManagerArmor@31730aa0
[13:31:53] [Render thread/INFO] [ARMOREDARMS-CORE/]:    Location: *:*
[13:31:53] [Render thread/INFO] [ARMOREDARMS-CORE/]: Registered dynamic render container
[13:31:53] [Render thread/INFO] [ARMOREDARMS-CORE/]:    Layer: com.artur114.armoredarms.client.layers.ArmRenderLayerArmor@36b23f79
[13:31:53] [Render thread/INFO] [ARMOREDARMS-CORE/]:    Container: com.artur114.armoredarms.client.modelrender.armor.ArmModelContainerArmor@196f2f54
[13:31:53] [Render thread/INFO] [ARMOREDARMS-CORE/]: Registered dynamic render container
[13:31:53] [Render thread/INFO] [ARMOREDARMS-CORE/]:    Layer: com.artur114.armoredarms.client.layers.ArmRenderLayerArmor@36b23f79
[13:31:53] [Render thread/INFO] [ARMOREDARMS-CORE/]:    Container: com.artur114.armoredarms.client.integration.geckolib.modelrender.ArmModelContainerGecko@7b50ce9e
[13:31:53] [Render thread/INFO] [de.ta.xa.XaeroTacMap/]: [TacMap] Waypoint data OK: 5 target(s) in the current set.
[13:31:53] [Render thread/INFO] [minecraft/AdvancementList]: Loaded 129 advancements
[13:31:54] [Render thread/WARN] [ModernFix/]: Time from main menu to in-game was 8.039057 seconds
[13:31:54] [Render thread/WARN] [ModernFix/]: Total time to load game and open world was 50.40606 seconds
[13:31:54] [Finalizer/WARN] [ModernFix/]: One or more BufferBuilders have been leaked, ModernFix will attempt to correct this.
[13:31:58] [Server thread/WARN] [minecraft/MinecraftServer]: Can't keep up! Is the server overloaded? Running 4619ms or 92 ticks behind
[13:32:01] [Server thread/INFO] [minecraft/IntegratedServer]: Saving and pausing game...
[13:32:01] [Server thread/INFO] [minecraft/MinecraftServer]: Saving chunks for level 'ServerLevel[新的世界]'/minecraft:overworld
[13:32:01] [Server thread/INFO] [minecraft/MinecraftServer]: Saving chunks for level 'ServerLevel[新的世界]'/minecraft:the_nether
[13:32:01] [Server thread/INFO] [minecraft/MinecraftServer]: Saving chunks for level 'ServerLevel[新的世界]'/minecraft:the_end
[13:32:07] [Server thread/INFO] [STDOUT/]: [com.pigeostudios.sbwchunkload.h.a:a:44]: [sbwchunkload] ticketLevel=3 (simulationDistance=21)
[13:32:08] [Render thread/INFO] [minecraft/ChatComponent]: [CHAT] [TacMap] 小队已创建：aaa（你是队长）
[13:32:16] [Render thread/INFO] [minecraft/ChatComponent]: [CHAT] [TacMap] 已重置本队全部标注
[13:32:22] [Server thread/INFO] [minecraft/IntegratedServer]: Saving and pausing game...
[13:32:22] [Server thread/INFO] [minecraft/MinecraftServer]: Saving chunks for level 'ServerLevel[新的世界]'/minecraft:overworld
[13:32:22] [Server thread/INFO] [minecraft/MinecraftServer]: Saving chunks for level 'ServerLevel[新的世界]'/minecraft:the_nether
[13:32:22] [Server thread/INFO] [minecraft/MinecraftServer]: Saving chunks for level 'ServerLevel[新的世界]'/minecraft:the_end
[13:32:23] [Render thread/ERROR] [ne.mi.ev.EventBus/EVENTBUS]: Exception caught during firing event: Index 2 out of bounds for length 2
	Index: 4
	Listeners:
		0: HIGH
		1: ASM: class dev.architectury.event.forge.EventHandlerImplClient eventMouseClickedEvent(Lnet/minecraftforge/client/event/ScreenEvent$MouseButtonPressed$Pre;)V
		2: NORMAL
		3: ASM: class com.raiiiden.taczmagazines.client.MagazineLoadingHandler onMouseButtonPressed(Lnet/minecraftforge/client/event/ScreenEvent$MouseButtonPressed$Pre;)V
		4: ASM: class dev.tacmap.xaerotacmap.client.ClientEvents onScreenMousePressed(Lnet/minecraftforge/client/event/ScreenEvent$MouseButtonPressed$Pre;)V
		5: ASM: top.theillusivec4.curios.client.gui.GuiEventHandler@3c282af5 onMouseClick(Lnet/minecraftforge/client/event/ScreenEvent$MouseButtonPressed$Pre;)V
		6: net.minecraftforge.eventbus.EventBus$$Lambda/0x0000000800851908@41e5ef45
		7: net.minecraftforge.eventbus.EventBus$$Lambda/0x0000000800851908@70fc3b75
java.lang.ArrayIndexOutOfBoundsException: Index 2 out of bounds for length 2
	at TRANSFORMER/xaerotacmap@4.0.2/dev.tacmap.xaerotacmap.client.annotate.DrawingController.beginLabel(DrawingController.java:286)
	at TRANSFORMER/xaerotacmap@4.0.2/dev.tacmap.xaerotacmap.client.annotate.DrawingController.onMouseClick(DrawingController.java:183)
	at TRANSFORMER/xaerotacmap@4.0.2/dev.tacmap.xaerotacmap.client.ClientEvents.onScreenMousePressed(ClientEvents.java:117)
	at TRANSFORMER/xaerotacmap@4.0.2/dev.tacmap.xaerotacmap.client.__ClientEvents_onScreenMousePressed_Pre.invoke(.dynamic)
	at MC-BOOTSTRAP/net.minecraftforge.eventbus/net.minecraftforge.eventbus.ASMEventHandler.invoke(ASMEventHandler.java:55)
	at MC-BOOTSTRAP/net.minecraftforge.eventbus/net.minecraftforge.eventbus.EventBus.post(EventBus.java:312)
	at MC-BOOTSTRAP/net.minecraftforge.eventbus/net.minecraftforge.eventbus.EventBus.post(EventBus.java:298)
	at TRANSFORMER/forge@47.4.22/net.minecraftforge.client.ForgeHooksClient.onScreenMouseClickedPre(ForgeHooksClient.java:626)
	at TRANSFORMER/minecraft@1.20.1/net.minecraft.client.MouseHandler.m_168084_(MouseHandler.java:90)
	at TRANSFORMER/minecraft@1.20.1/net.minecraft.client.gui.screens.Screen.m_96579_(Screen.java:437)
	at TRANSFORMER/minecraft@1.20.1/net.minecraft.client.MouseHandler.m_91530_(MouseHandler.java:89)
	at TRANSFORMER/minecraft@1.20.1/net.minecraft.client.MouseHandler.m_168091_(MouseHandler.java:189)
	at TRANSFORMER/minecraft@1.20.1/net.minecraft.util.thread.BlockableEventLoop.execute(BlockableEventLoop.java:102)
	at TRANSFORMER/minecraft@1.20.1/net.minecraft.client.MouseHandler.m_91565_(MouseHandler.java:188)
	at MC-BOOTSTRAP/org.lwjgl.glfw@3.3.1+7/org.lwjgl.glfw.GLFWMouseButtonCallbackI.callback(GLFWMouseButtonCallbackI.java:43)
	at MC-BOOTSTRAP/org.lwjgl@3.3.1+7/org.lwjgl.system.JNI.invokeV(Native Method)
	at MC-BOOTSTRAP/org.lwjgl.glfw@3.3.1+7/org.lwjgl.glfw.GLFW.glfwWaitEventsTimeout(GLFW.java:3474)
	at TRANSFORMER/minecraft@1.20.1/com.mojang.blaze3d.systems.RenderSystem.limitDisplayFPS(RenderSystem.java:237)
	at TRANSFORMER/minecraft@1.20.1/net.minecraft.client.Minecraft.m_91383_(Minecraft.java:1173)
	at TRANSFORMER/minecraft@1.20.1/net.minecraft.client.Minecraft.m_91374_(Minecraft.java:718)
	at TRANSFORMER/minecraft@1.20.1/net.minecraft.client.main.Main.main(Main.java:218)
	at java.base/jdk.internal.reflect.DirectMethodHandleAccessor.invoke(DirectMethodHandleAccessor.java:103)
	at java.base/java.lang.reflect.Method.invoke(Method.java:580)
	at MC-BOOTSTRAP/fmlloader@1.20.1-47.4.22/net.minecraftforge.fml.loading.targets.CommonLaunchHandler.runTarget(CommonLaunchHandler.java:111)
	at MC-BOOTSTRAP/fmlloader@1.20.1-47.4.22/net.minecraftforge.fml.loading.targets.CommonLaunchHandler.clientService(CommonLaunchHandler.java:99)
	at MC-BOOTSTRAP/fmlloader@1.20.1-47.4.22/net.minecraftforge.fml.loading.targets.CommonClientLaunchHandler.lambda$makeService$0(CommonClientLaunchHandler.java:25)
	at MC-BOOTSTRAP/cpw.mods.modlauncher@10.0.9/cpw.mods.modlauncher.LaunchServiceHandlerDecorator.launch(LaunchServiceHandlerDecorator.java:30)
	at MC-BOOTSTRAP/cpw.mods.modlauncher@10.0.9/cpw.mods.modlauncher.LaunchServiceHandler.launch(LaunchServiceHandler.java:53)
	at MC-BOOTSTRAP/cpw.mods.modlauncher@10.0.9/cpw.mods.modlauncher.LaunchServiceHandler.launch(LaunchServiceHandler.java:71)
	at MC-BOOTSTRAP/cpw.mods.modlauncher@10.0.9/cpw.mods.modlauncher.Launcher.run(Launcher.java:108)
	at MC-BOOTSTRAP/cpw.mods.modlauncher@10.0.9/cpw.mods.modlauncher.Launcher.main(Launcher.java:78)
	at MC-BOOTSTRAP/cpw.mods.modlauncher@10.0.9/cpw.mods.modlauncher.BootstrapLaunchConsumer.accept(BootstrapLaunchConsumer.java:26)
	at MC-BOOTSTRAP/cpw.mods.modlauncher@10.0.9/cpw.mods.modlauncher.BootstrapLaunchConsumer.accept(BootstrapLaunchConsumer.java:23)
	at cpw.mods.bootstraplauncher@1.1.2/cpw.mods.bootstraplauncher.BootstrapLauncher.main(BootstrapLauncher.java:141)

[13:32:24] [Server thread/INFO] [minecraft/MinecraftServer]: Stopping server
[13:32:24] [Server thread/INFO] [minecraft/MinecraftServer]: Saving players
[13:32:24] [Server thread/INFO] [minecraft/MinecraftServer]: Saving worlds
[13:32:25] [Server thread/INFO] [minecraft/MinecraftServer]: Saving chunks for level 'ServerLevel[新的世界]'/minecraft:overworld
[13:32:25] [Server thread/INFO] [minecraft/MinecraftServer]: Saving chunks for level 'ServerLevel[新的世界]'/minecraft:the_nether
[13:32:25] [Server thread/INFO] [minecraft/MinecraftServer]: Saving chunks for level 'ServerLevel[新的世界]'/minecraft:the_end
[13:32:25] [Server thread/INFO] [minecraft/MinecraftServer]: ThreadedAnvilChunkStorage (新的世界): All chunks are saved
[13:32:25] [Server thread/INFO] [minecraft/MinecraftServer]: ThreadedAnvilChunkStorage (DIM-1): All chunks are saved
[13:32:25] [Server thread/INFO] [minecraft/MinecraftServer]: ThreadedAnvilChunkStorage (DIM1): All chunks are saved
[13:32:25] [Server thread/INFO] [minecraft/MinecraftServer]: ThreadedAnvilChunkStorage: All dimensions are saved
[13:32:25] [Server thread/INFO] [de.ta.xa.XaeroTacMap/]: [TacMap] Session squads & annotations cleared (server stopped).
[13:32:25] [Server thread/INFO] [co.ta.pr.TaczPresence/]: TACZ Presence: Config reloaded (SERVER), invalidating caches
[13:32:25] [Render thread/INFO] [xa.ma.WorldMap/]: Finalizing world map session...
[13:32:25] [Thread-20/INFO] [xa.ma.WorldMap/]: World map cleaned normally!
[13:32:25] [Render thread/INFO] [xa.ma.WorldMap/]: World map session finalized.
[13:32:25] [Render thread/INFO] [xa.hu.mi.MinimapLogs/]: Xaero hud session finalized.
[13:32:25] [Render thread/INFO] [ChunkBuilder/]: Stopping worker threads
[13:32:26] [Render thread/ERROR] [minecraft/Minecraft]: Reported exception thrown!
net.minecraft.ReportedException: mouseClicked event handler
	at net.minecraft.client.gui.screens.Screen.m_96579_(Screen.java:444) ~[client-1.20.1-20230612.114412-srg.jar%23302!/:?] {re:mixin,pl:accesstransformer:B,re:computing_frames,pl:accesstransformer:B,re:classloading,pl:accesstransformer:B,pl:mixin:APP:trender.mixins.json:client.ScreenAccessor,pl:mixin:APP:kubejs-common.mixins.json:ScreenMixin,pl:mixin:A}
	at net.minecraft.client.MouseHandler.m_91530_(MouseHandler.java:89) ~[client-1.20.1-20230612.114412-srg.jar%23302!/:?] {re:mixin,re:classloading,pl:mixin:APP:mixins.superbwarfare.json:MouseHandlerMixin,pl:mixin:APP:tacz.mixins.json:client.MouseHandlerMixin,pl:mixin:APP:locknar_doorkick_tactical.mixins.json:MouseHandlerMixin,pl:mixin:APP:taczadditions.mixins.json:FreeAimTurnMixin,pl:mixin:APP:ragdollifiedpr.mixins.json:DragLookMixin,pl:mixin:A}
	at net.minecraft.client.MouseHandler.m_168091_(MouseHandler.java:189) ~[client-1.20.1-20230612.114412-srg.jar%23302!/:?] {re:mixin,re:classloading,pl:mixin:APP:mixins.superbwarfare.json:MouseHandlerMixin,pl:mixin:APP:tacz.mixins.json:client.MouseHandlerMixin,pl:mixin:APP:locknar_doorkick_tactical.mixins.json:MouseHandlerMixin,pl:mixin:APP:taczadditions.mixins.json:FreeAimTurnMixin,pl:mixin:APP:ragdollifiedpr.mixins.json:DragLookMixin,pl:mixin:A}
	at net.minecraft.util.thread.BlockableEventLoop.execute(BlockableEventLoop.java:102) ~[client-1.20.1-20230612.114412-srg.jar%23302!/:?] {re:mixin,pl:accesstransformer:B,re:computing_frames,pl:accesstransformer:B,re:classloading,pl:accesstransformer:B}
	at net.minecraft.client.MouseHandler.m_91565_(MouseHandler.java:188) ~[client-1.20.1-20230612.114412-srg.jar%23302!/:?] {re:mixin,re:classloading,pl:mixin:APP:mixins.superbwarfare.json:MouseHandlerMixin,pl:mixin:APP:tacz.mixins.json:client.MouseHandlerMixin,pl:mixin:APP:locknar_doorkick_tactical.mixins.json:MouseHandlerMixin,pl:mixin:APP:taczadditions.mixins.json:FreeAimTurnMixin,pl:mixin:APP:ragdollifiedpr.mixins.json:DragLookMixin,pl:mixin:A}
	at org.lwjgl.glfw.GLFWMouseButtonCallbackI.callback(GLFWMouseButtonCallbackI.java:43) ~[lwjgl-glfw-3.3.1.jar%23120!/:build 7] {}
	at org.lwjgl.system.JNI.invokeV(Native Method) ~[lwjgl-3.3.1.jar%23132!/:build 7] {}
	at org.lwjgl.glfw.GLFW.glfwWaitEventsTimeout(GLFW.java:3474) ~[lwjgl-glfw-3.3.1.jar%23120!/:build 7] {re:mixin}
	at com.mojang.blaze3d.systems.RenderSystem.limitDisplayFPS(RenderSystem.java:237) ~[client-1.20.1-20230612.114412-srg.jar%23302!/:?] {re:mixin,pl:accesstransformer:B,re:classloading,pl:accesstransformer:B,pl:mixin:APP:flywheel.backend.mixins.json:RenderSystemMixin,pl:mixin:APP:embeddium.mixins.json:workarounds.event_loop.RenderSystemMixin,pl:mixin:A}
	at net.minecraft.client.Minecraft.m_91383_(Minecraft.java:1173) ~[client-1.20.1-20230612.114412-srg.jar%23302!/:?] {re:mixin,pl:accesstransformer:B,re:classloading,pl:accesstransformer:B,pl:mixin:A}
	at net.minecraft.client.Minecraft.m_91374_(Minecraft.java:718) ~[client-1.20.1-20230612.114412-srg.jar%23302!/:?] {re:mixin,pl:accesstransformer:B,re:classloading,pl:accesstransformer:B,pl:mixin:A}
	at net.minecraft.client.main.Main.main(Main.java:218) ~[1.20.1-Forge_47.4.22.jar:?] {re:classloading}
	at jdk.internal.reflect.DirectMethodHandleAccessor.invoke(DirectMethodHandleAccessor.java:103) ~[?:?] {}
	at java.lang.reflect.Method.invoke(Method.java:580) ~[?:?] {}
	at net.minecraftforge.fml.loading.targets.CommonLaunchHandler.runTarget(CommonLaunchHandler.java:111) ~[fmlloader-1.20.1-47.4.22.jar:?] {}
	at net.minecraftforge.fml.loading.targets.CommonLaunchHandler.clientService(CommonLaunchHandler.java:99) ~[fmlloader-1.20.1-47.4.22.jar:?] {}
	at net.minecraftforge.fml.loading.targets.CommonClientLaunchHandler.lambda$makeService$0(CommonClientLaunchHandler.java:25) ~[fmlloader-1.20.1-47.4.22.jar:?] {}
	at cpw.mods.modlauncher.LaunchServiceHandlerDecorator.launch(LaunchServiceHandlerDecorator.java:30) ~[modlauncher-10.0.9.jar:?] {}
	at cpw.mods.modlauncher.LaunchServiceHandler.launch(LaunchServiceHandler.java:53) ~[modlauncher-10.0.9.jar:?] {}
	at cpw.mods.modlauncher.LaunchServiceHandler.launch(LaunchServiceHandler.java:71) ~[modlauncher-10.0.9.jar:?] {}
	at cpw.mods.modlauncher.Launcher.run(Launcher.java:108) ~[modlauncher-10.0.9.jar:?] {}
	at cpw.mods.modlauncher.Launcher.main(Launcher.java:78) ~[modlauncher-10.0.9.jar:?] {}
	at cpw.mods.modlauncher.BootstrapLaunchConsumer.accept(BootstrapLaunchConsumer.java:26) ~[modlauncher-10.0.9.jar:?] {}
	at cpw.mods.modlauncher.BootstrapLaunchConsumer.accept(BootstrapLaunchConsumer.java:23) ~[modlauncher-10.0.9.jar:?] {}
	at cpw.mods.bootstraplauncher.BootstrapLauncher.main(BootstrapLauncher.java:141) ~[bootstraplauncher-1.1.2.jar:?] {}
Caused by: java.lang.ArrayIndexOutOfBoundsException: Index 2 out of bounds for length 2
	at dev.tacmap.xaerotacmap.client.annotate.DrawingController.beginLabel(DrawingController.java:286) ~[xaerotacmap-4.0.1.jar%23300!/:4.0.1] {re:classloading}
	at dev.tacmap.xaerotacmap.client.annotate.DrawingController.onMouseClick(DrawingController.java:183) ~[xaerotacmap-4.0.1.jar%23300!/:4.0.1] {re:classloading}
	at dev.tacmap.xaerotacmap.client.ClientEvents.onScreenMousePressed(ClientEvents.java:117) ~[xaerotacmap-4.0.1.jar%23300!/:4.0.1] {re:classloading}
	at dev.tacmap.xaerotacmap.client.__ClientEvents_onScreenMousePressed_Pre.invoke(.dynamic) ~[xaerotacmap-4.0.1.jar%23300!/:4.0.1] {re:classloading,pl:eventbus:B}
	at net.minecraftforge.eventbus.ASMEventHandler.invoke(ASMEventHandler.java:55) ~[eventbus-6.2.33.jar%23137!/:?] {}
	at net.minecraftforge.eventbus.EventBus.post(EventBus.java:312) ~[eventbus-6.2.33.jar%23137!/:?] {}
	at net.minecraftforge.eventbus.EventBus.post(EventBus.java:298) ~[eventbus-6.2.33.jar%23137!/:?] {}
	at net.minecraftforge.client.ForgeHooksClient.onScreenMouseClickedPre(ForgeHooksClient.java:626) ~[forge-1.20.1-47.4.22-universal.jar%23307!/:?] {re:mixin,re:classloading,pl:mixin:A}
	at net.minecraft.client.MouseHandler.m_168084_(MouseHandler.java:90) ~[client-1.20.1-20230612.114412-srg.jar%23302!/:?] {re:mixin,re:classloading,pl:mixin:APP:mixins.superbwarfare.json:MouseHandlerMixin,pl:mixin:APP:tacz.mixins.json:client.MouseHandlerMixin,pl:mixin:APP:locknar_doorkick_tactical.mixins.json:MouseHandlerMixin,pl:mixin:APP:taczadditions.mixins.json:FreeAimTurnMixin,pl:mixin:APP:ragdollifiedpr.mixins.json:DragLookMixin,pl:mixin:A}
	at net.minecraft.client.gui.screens.Screen.m_96579_(Screen.java:437) ~[client-1.20.1-20230612.114412-srg.jar%23302!/:?] {re:mixin,pl:accesstransformer:B,re:computing_frames,pl:accesstransformer:B,re:classloading,pl:accesstransformer:B,pl:mixin:APP:trender.mixins.json:client.ScreenAccessor,pl:mixin:APP:kubejs-common.mixins.json:ScreenMixin,pl:mixin:A}
	... 24 more
[13:32:26] [Render thread/FATAL] [ne.mi.co.ForgeMod/]: Preparing crash report with UUID b0167469-2ac9-4fe9-bdc5-68a7ef40e8e6
[13:32:26] [Render thread/INFO] [STDOUT/]: [net.minecraft.server.Bootstrap:m_135875_:151]: ---- Minecraft Crash Report ----
// Embeddium instance tainted by mods: [acceleratedrendering]
// Please do not reach out for Embeddium support without removing these mods first.
// -------
// You should try our sister game, Minceraft!

Time: 2026-09-27 13:32:26
Description: mouseClicked event handler

java.lang.ArrayIndexOutOfBoundsException: Index 2 out of bounds for length 2
	at dev.tacmap.xaerotacmap.client.annotate.DrawingController.beginLabel(DrawingController.java:286) ~[xaerotacmap-4.0.1.jar%23300!/:4.0.1] {re:classloading}
	at dev.tacmap.xaerotacmap.client.annotate.DrawingController.onMouseClick(DrawingController.java:183) ~[xaerotacmap-4.0.1.jar%23300!/:4.0.1] {re:classloading}
	at dev.tacmap.xaerotacmap.client.ClientEvents.onScreenMousePressed(ClientEvents.java:117) ~[xaerotacmap-4.0.1.jar%23300!/:4.0.1] {re:classloading}
	at dev.tacmap.xaerotacmap.client.__ClientEvents_onScreenMousePressed_Pre.invoke(.dynamic) ~[xaerotacmap-4.0.1.jar%23300!/:4.0.1] {re:classloading,pl:eventbus:B}
	at net.minecraftforge.eventbus.ASMEventHandler.invoke(ASMEventHandler.java:55) ~[eventbus-6.2.33.jar%23137!/:?] {}
	at net.minecraftforge.eventbus.EventBus.post(EventBus.java:312) ~[eventbus-6.2.33.jar%23137!/:?] {}
	at net.minecraftforge.eventbus.EventBus.post(EventBus.java:298) ~[eventbus-6.2.33.jar%23137!/:?] {}
	at net.minecraftforge.client.ForgeHooksClient.onScreenMouseClickedPre(ForgeHooksClient.java:626) ~[forge-1.20.1-47.4.22-universal.jar%23307!/:?] {re:mixin,re:classloading,pl:mixin:A}
	at net.minecraft.client.MouseHandler.m_168084_(MouseHandler.java:90) ~[client-1.20.1-20230612.114412-srg.jar%23302!/:?] {re:mixin,re:classloading,pl:mixin:APP:mixins.superbwarfare.json:MouseHandlerMixin,pl:mixin:APP:tacz.mixins.json:client.MouseHandlerMixin,pl:mixin:APP:locknar_doorkick_tactical.mixins.json:MouseHandlerMixin,pl:mixin:APP:taczadditions.mixins.json:FreeAimTurnMixin,pl:mixin:APP:ragdollifiedpr.mixins.json:DragLookMixin,pl:mixin:A}
	at net.minecraft.client.gui.screens.Screen.m_96579_(Screen.java:437) ~[client-1.20.1-20230612.114412-srg.jar%23302!/:?] {re:mixin,pl:accesstransformer:B,re:computing_frames,pl:accesstransformer:B,re:classloading,pl:accesstransformer:B,pl:mixin:APP:trender.mixins.json:client.ScreenAccessor,pl:mixin:APP:kubejs-common.mixins.json:ScreenMixin,pl:mixin:A}
	at net.minecraft.client.MouseHandler.m_91530_(MouseHandler.java:89) ~[client-1.20.1-20230612.114412-srg.jar%23302!/:?] {re:mixin,re:classloading,pl:mixin:APP:mixins.superbwarfare.json:MouseHandlerMixin,pl:mixin:APP:tacz.mixins.json:client.MouseHandlerMixin,pl:mixin:APP:locknar_doorkick_tactical.mixins.json:MouseHandlerMixin,pl:mixin:APP:taczadditions.mixins.json:FreeAimTurnMixin,pl:mixin:APP:ragdollifiedpr.mixins.json:DragLookMixin,pl:mixin:A}
	at net.minecraft.client.MouseHandler.m_168091_(MouseHandler.java:189) ~[client-1.20.1-20230612.114412-srg.jar%23302!/:?] {re:mixin,re:classloading,pl:mixin:APP:mixins.superbwarfare.json:MouseHandlerMixin,pl:mixin:APP:tacz.mixins.json:client.MouseHandlerMixin,pl:mixin:APP:locknar_doorkick_tactical.mixins.json:MouseHandlerMixin,pl:mixin:APP:taczadditions.mixins.json:FreeAimTurnMixin,pl:mixin:APP:ragdollifiedpr.mixins.json:DragLookMixin,pl:mixin:A}
	at net.minecraft.util.thread.BlockableEventLoop.execute(BlockableEventLoop.java:102) ~[client-1.20.1-20230612.114412-srg.jar%23302!/:?] {re:mixin,pl:accesstransformer:B,re:computing_frames,pl:accesstransformer:B,re:classloading,pl:accesstransformer:B}
	at net.minecraft.client.MouseHandler.m_91565_(MouseHandler.java:188) ~[client-1.20.1-20230612.114412-srg.jar%23302!/:?] {re:mixin,re:classloading,pl:mixin:APP:mixins.superbwarfare.json:MouseHandlerMixin,pl:mixin:APP:tacz.mixins.json:client.MouseHandlerMixin,pl:mixin:APP:locknar_doorkick_tactical.mixins.json:MouseHandlerMixin,pl:mixin:APP:taczadditions.mixins.json:FreeAimTurnMixin,pl:mixin:APP:ragdollifiedpr.mixins.json:DragLookMixin,pl:mixin:A}
	at org.lwjgl.glfw.GLFWMouseButtonCallbackI.callback(GLFWMouseButtonCallbackI.java:43) ~[lwjgl-glfw-3.3.1.jar%23120!/:build 7] {}
	at org.lwjgl.system.JNI.invokeV(Native Method) ~[lwjgl-3.3.1.jar%23132!/:build 7] {}
	at org.lwjgl.glfw.GLFW.glfwWaitEventsTimeout(GLFW.java:3474) ~[lwjgl-glfw-3.3.1.jar%23120!/:build 7] {re:mixin}
	at com.mojang.blaze3d.systems.RenderSystem.limitDisplayFPS(RenderSystem.java:237) ~[client-1.20.1-20230612.114412-srg.jar%23302!/:?] {re:mixin,pl:accesstransformer:B,re:classloading,pl:accesstransformer:B,pl:mixin:APP:flywheel.backend.mixins.json:RenderSystemMixin,pl:mixin:APP:embeddium.mixins.json:workarounds.event_loop.RenderSystemMixin,pl:mixin:A}
	at net.minecraft.client.Minecraft.m_91383_(Minecraft.java:1173) ~[client-1.20.1-20230612.114412-srg.jar%23302!/:?] {re:mixin,pl:accesstransformer:B,re:classloading,pl:accesstransformer:B,pl:mixin:A}
	at net.minecraft.client.Minecraft.m_91374_(Minecraft.java:718) ~[client-1.20.1-20230612.114412-srg.jar%23302!/:?] {re:mixin,pl:accesstransformer:B,re:classloading,pl:accesstransformer:B,pl:mixin:A}
	at net.minecraft.client.main.Main.main(Main.java:218) ~[1.20.1-Forge_47.4.22.jar:?] {re:classloading}
	at jdk.internal.reflect.DirectMethodHandleAccessor.invoke(DirectMethodHandleAccessor.java:103) ~[?:?] {}
	at java.lang.reflect.Method.invoke(Method.java:580) ~[?:?] {}
	at net.minecraftforge.fml.loading.targets.CommonLaunchHandler.runTarget(CommonLaunchHandler.java:111) ~[fmlloader-1.20.1-47.4.22.jar:?] {}
	at net.minecraftforge.fml.loading.targets.CommonLaunchHandler.clientService(CommonLaunchHandler.java:99) ~[fmlloader-1.20.1-47.4.22.jar:?] {}
	at net.minecraftforge.fml.loading.targets.CommonClientLaunchHandler.lambda$makeService$0(CommonClientLaunchHandler.java:25) ~[fmlloader-1.20.1-47.4.22.jar:?] {}
	at cpw.mods.modlauncher.LaunchServiceHandlerDecorator.launch(LaunchServiceHandlerDecorator.java:30) ~[modlauncher-10.0.9.jar:?] {}
	at cpw.mods.modlauncher.LaunchServiceHandler.launch(LaunchServiceHandler.java:53) ~[modlauncher-10.0.9.jar:?] {}
	at cpw.mods.modlauncher.LaunchServiceHandler.launch(LaunchServiceHandler.java:71) ~[modlauncher-10.0.9.jar:?] {}
	at cpw.mods.modlauncher.Launcher.run(Launcher.java:108) ~[modlauncher-10.0.9.jar:?] {}
	at cpw.mods.modlauncher.Launcher.main(Launcher.java:78) ~[modlauncher-10.0.9.jar:?] {}
	at cpw.mods.modlauncher.BootstrapLaunchConsumer.accept(BootstrapLaunchConsumer.java:26) ~[modlauncher-10.0.9.jar:?] {}
	at cpw.mods.modlauncher.BootstrapLaunchConsumer.accept(BootstrapLaunchConsumer.java:23) ~[modlauncher-10.0.9.jar:?] {}
	at cpw.mods.bootstraplauncher.BootstrapLauncher.main(BootstrapLauncher.java:141) ~[bootstraplauncher-1.1.2.jar:?] {}


A detailed walkthrough of the error, its code path and all known details is as follows:
---------------------------------------------------------------------------------------

-- Head --
Thread: Render thread
Suspected Mod: 
	Xaero Tactical Map (xaerotacmap), Version: 4.0.2
		at TRANSFORMER/xaerotacmap@4.0.2/dev.tacmap.xaerotacmap.client.annotate.DrawingController.beginLabel(DrawingController.java:286)
Stacktrace:
	at dev.tacmap.xaerotacmap.client.annotate.DrawingController.beginLabel(DrawingController.java:286) ~[xaerotacmap-4.0.1.jar%23300!/:4.0.1] {re:classloading}
	at dev.tacmap.xaerotacmap.client.annotate.DrawingController.onMouseClick(DrawingController.java:183) ~[xaerotacmap-4.0.1.jar%23300!/:4.0.1] {re:classloading}
	at dev.tacmap.xaerotacmap.client.ClientEvents.onScreenMousePressed(ClientEvents.java:117) ~[xaerotacmap-4.0.1.jar%23300!/:4.0.1] {re:classloading}
	at dev.tacmap.xaerotacmap.client.__ClientEvents_onScreenMousePressed_Pre.invoke(.dynamic) ~[xaerotacmap-4.0.1.jar%23300!/:4.0.1] {re:classloading,pl:eventbus:B}
	at net.minecraftforge.eventbus.ASMEventHandler.invoke(ASMEventHandler.java:55) ~[eventbus-6.2.33.jar%23137!/:?] {}
	at net.minecraftforge.eventbus.EventBus.post(EventBus.java:312) ~[eventbus-6.2.33.jar%23137!/:?] {}
	at net.minecraftforge.eventbus.EventBus.post(EventBus.java:298) ~[eventbus-6.2.33.jar%23137!/:?] {}
	at net.minecraftforge.client.ForgeHooksClient.onScreenMouseClickedPre(ForgeHooksClient.java:626) ~[forge-1.20.1-47.4.22-universal.jar%23307!/:?] {re:mixin,re:classloading,pl:mixin:A}
	at net.minecraft.client.MouseHandler.m_168084_(MouseHandler.java:90) ~[client-1.20.1-20230612.114412-srg.jar%23302!/:?] {re:mixin,re:classloading,pl:mixin:APP:mixins.superbwarfare.json:MouseHandlerMixin,pl:mixin:APP:tacz.mixins.json:client.MouseHandlerMixin,pl:mixin:APP:locknar_doorkick_tactical.mixins.json:MouseHandlerMixin,pl:mixin:APP:taczadditions.mixins.json:FreeAimTurnMixin,pl:mixin:APP:ragdollifiedpr.mixins.json:DragLookMixin,pl:mixin:A}
	at net.minecraft.client.gui.screens.Screen.m_96579_(Screen.java:437) ~[client-1.20.1-20230612.114412-srg.jar%23302!/:?] {re:mixin,pl:accesstransformer:B,re:computing_frames,pl:accesstransformer:B,re:classloading,pl:accesstransformer:B,pl:mixin:APP:trender.mixins.json:client.ScreenAccessor,pl:mixin:APP:kubejs-common.mixins.json:ScreenMixin,pl:mixin:A}
	at net.minecraft.client.MouseHandler.m_91530_(MouseHandler.java:89) ~[client-1.20.1-20230612.114412-srg.jar%23302!/:?] {re:mixin,re:classloading,pl:mixin:APP:mixins.superbwarfare.json:MouseHandlerMixin,pl:mixin:APP:tacz.mixins.json:client.MouseHandlerMixin,pl:mixin:APP:locknar_doorkick_tactical.mixins.json:MouseHandlerMixin,pl:mixin:APP:taczadditions.mixins.json:FreeAimTurnMixin,pl:mixin:APP:ragdollifiedpr.mixins.json:DragLookMixin,pl:mixin:A}
	at net.minecraft.client.MouseHandler.m_168091_(MouseHandler.java:189) ~[client-1.20.1-20230612.114412-srg.jar%23302!/:?] {re:mixin,re:classloading,pl:mixin:APP:mixins.superbwarfare.json:MouseHandlerMixin,pl:mixin:APP:tacz.mixins.json:client.MouseHandlerMixin,pl:mixin:APP:locknar_doorkick_tactical.mixins.json:MouseHandlerMixin,pl:mixin:APP:taczadditions.mixins.json:FreeAimTurnMixin,pl:mixin:APP:ragdollifiedpr.mixins.json:DragLookMixin,pl:mixin:A}
	at net.minecraft.util.thread.BlockableEventLoop.execute(BlockableEventLoop.java:102) ~[client-1.20.1-20230612.114412-srg.jar%23302!/:?] {re:mixin,pl:accesstransformer:B,re:computing_frames,pl:accesstransformer:B,re:classloading,pl:accesstransformer:B}
	at net.minecraft.client.MouseHandler.m_91565_(MouseHandler.java:188) ~[client-1.20.1-20230612.114412-srg.jar%23302!/:?] {re:mixin,re:classloading,pl:mixin:APP:mixins.superbwarfare.json:MouseHandlerMixin,pl:mixin:APP:tacz.mixins.json:client.MouseHandlerMixin,pl:mixin:APP:locknar_doorkick_tactical.mixins.json:MouseHandlerMixin,pl:mixin:APP:taczadditions.mixins.json:FreeAimTurnMixin,pl:mixin:APP:ragdollifiedpr.mixins.json:DragLookMixin,pl:mixin:A}
	at org.lwjgl.glfw.GLFWMouseButtonCallbackI.callback(GLFWMouseButtonCallbackI.java:43) ~[lwjgl-glfw-3.3.1.jar%23120!/:build 7] {}
	at org.lwjgl.system.JNI.invokeV(Native Method) ~[lwjgl-3.3.1.jar%23132!/:build 7] {}
	at org.lwjgl.glfw.GLFW.glfwWaitEventsTimeout(GLFW.java:3474) ~[lwjgl-glfw-3.3.1.jar%23120!/:build 7] {re:mixin}
-- Affected screen --
Details:
	Screen name: xaero.map.gui.GuiMap
Stacktrace:
	at net.minecraft.client.gui.screens.Screen.m_96579_(Screen.java:437) ~[client-1.20.1-20230612.114412-srg.jar%23302!/:?] {re:mixin,pl:accesstransformer:B,re:computing_frames,pl:accesstransformer:B,re:classloading,pl:accesstransformer:B,pl:mixin:APP:trender.mixins.json:client.ScreenAccessor,pl:mixin:APP:kubejs-common.mixins.json:ScreenMixin,pl:mixin:A}
	at net.minecraft.client.MouseHandler.m_91530_(MouseHandler.java:89) ~[client-1.20.1-20230612.114412-srg.jar%23302!/:?] {re:mixin,re:classloading,pl:mixin:APP:mixins.superbwarfare.json:MouseHandlerMixin,pl:mixin:APP:tacz.mixins.json:client.MouseHandlerMixin,pl:mixin:APP:locknar_doorkick_tactical.mixins.json:MouseHandlerMixin,pl:mixin:APP:taczadditions.mixins.json:FreeAimTurnMixin,pl:mixin:APP:ragdollifiedpr.mixins.json:DragLookMixin,pl:mixin:A}
	at net.minecraft.client.MouseHandler.m_168091_(MouseHandler.java:189) ~[client-1.20.1-20230612.114412-srg.jar%23302!/:?] {re:mixin,re:classloading,pl:mixin:APP:mixins.superbwarfare.json:MouseHandlerMixin,pl:mixin:APP:tacz.mixins.json:client.MouseHandlerMixin,pl:mixin:APP:locknar_doorkick_tactical.mixins.json:MouseHandlerMixin,pl:mixin:APP:taczadditions.mixins.json:FreeAimTurnMixin,pl:mixin:APP:ragdollifiedpr.mixins.json:DragLookMixin,pl:mixin:A}
	at net.minecraft.util.thread.BlockableEventLoop.execute(BlockableEventLoop.java:102) ~[client-1.20.1-20230612.114412-srg.jar%23302!/:?] {re:mixin,pl:accesstransformer:B,re:computing_frames,pl:accesstransformer:B,re:classloading,pl:accesstransformer:B}
	at net.minecraft.client.MouseHandler.m_91565_(MouseHandler.java:188) ~[client-1.20.1-20230612.114412-srg.jar%23302!/:?] {re:mixin,re:classloading,pl:mixin:APP:mixins.superbwarfare.json:MouseHandlerMixin,pl:mixin:APP:tacz.mixins.json:client.MouseHandlerMixin,pl:mixin:APP:locknar_doorkick_tactical.mixins.json:MouseHandlerMixin,pl:mixin:APP:taczadditions.mixins.json:FreeAimTurnMixin,pl:mixin:APP:ragdollifiedpr.mixins.json:DragLookMixin,pl:mixin:A}
	at org.lwjgl.glfw.GLFWMouseButtonCallbackI.callback(GLFWMouseButtonCallbackI.java:43) ~[lwjgl-glfw-3.3.1.jar%23120!/:build 7] {}
	at org.lwjgl.system.JNI.invokeV(Native Method) ~[lwjgl-3.3.1.jar%23132!/:build 7] {}
	at org.lwjgl.glfw.GLFW.glfwWaitEventsTimeout(GLFW.java:3474) ~[lwjgl-glfw-3.3.1.jar%23120!/:build 7] {re:mixin}
	at com.mojang.blaze3d.systems.RenderSystem.limitDisplayFPS(RenderSystem.java:237) ~[client-1.20.1-20230612.114412-srg.jar%23302!/:?] {re:mixin,pl:accesstransformer:B,re:classloading,pl:accesstransformer:B,pl:mixin:APP:flywheel.backend.mixins.json:RenderSystemMixin,pl:mixin:APP:embeddium.mixins.json:workarounds.event_loop.RenderSystemMixin,pl:mixin:A}
	at net.minecraft.client.Minecraft.m_91383_(Minecraft.java:1173) ~[client-1.20.1-20230612.114412-srg.jar%23302!/:?] {re:mixin,pl:accesstransformer:B,re:classloading,pl:accesstransformer:B,pl:mixin:A}
	at net.minecraft.client.Minecraft.m_91374_(Minecraft.java:718) ~[client-1.20.1-20230612.114412-srg.jar%23302!/:?] {re:mixin,pl:accesstransformer:B,re:classloading,pl:accesstransformer:B,pl:mixin:A}
	at net.minecraft.client.main.Main.main(Main.java:218) ~[1.20.1-Forge_47.4.22.jar:?] {re:classloading}
	at jdk.internal.reflect.DirectMethodHandleAccessor.invoke(DirectMethodHandleAccessor.java:103) ~[?:?] {}
	at java.lang.reflect.Method.invoke(Method.java:580) ~[?:?] {}
	at net.minecraftforge.fml.loading.targets.CommonLaunchHandler.runTarget(CommonLaunchHandler.java:111) ~[fmlloader-1.20.1-47.4.22.jar:?] {}
	at net.minecraftforge.fml.loading.targets.CommonLaunchHandler.clientService(CommonLaunchHandler.java:99) ~[fmlloader-1.20.1-47.4.22.jar:?] {}
	at net.minecraftforge.fml.loading.targets.CommonClientLaunchHandler.lambda$makeService$0(CommonClientLaunchHandler.java:25) ~[fmlloader-1.20.1-47.4.22.jar:?] {}
	at cpw.mods.modlauncher.LaunchServiceHandlerDecorator.launch(LaunchServiceHandlerDecorator.java:30) ~[modlauncher-10.0.9.jar:?] {}
	at cpw.mods.modlauncher.LaunchServiceHandler.launch(LaunchServiceHandler.java:53) ~[modlauncher-10.0.9.jar:?] {}
	at cpw.mods.modlauncher.LaunchServiceHandler.launch(LaunchServiceHandler.java:71) ~[modlauncher-10.0.9.jar:?] {}
	at cpw.mods.modlauncher.Launcher.run(Launcher.java:108) ~[modlauncher-10.0.9.jar:?] {}
	at cpw.mods.modlauncher.Launcher.main(Launcher.java:78) ~[modlauncher-10.0.9.jar:?] {}
	at cpw.mods.modlauncher.BootstrapLaunchConsumer.accept(BootstrapLaunchConsumer.java:26) ~[modlauncher-10.0.9.jar:?] {}
	at cpw.mods.modlauncher.BootstrapLaunchConsumer.accept(BootstrapLaunchConsumer.java:23) ~[modlauncher-10.0.9.jar:?] {}
	at cpw.mods.bootstraplauncher.BootstrapLauncher.main(BootstrapLauncher.java:141) ~[bootstraplauncher-1.1.2.jar:?] {}


-- Affected level --
Details:
	All players: 1 total; [LocalPlayer['hongyunGXT'/39, l='ClientLevel', x=-1053.00, y=-58.98, z=-455.44]]
	Chunk stats: 2401, 1665
	Level dimension: minecraft:overworld
	Level spawn location: World: (0,-60,0), Section: (at 0,4,0 in 0,-4,0; chunk contains blocks 0,-64,0 to 15,319,15), Region: (0,0; contains chunks 0,0 to 31,31, blocks 0,-64,0 to 511,319,511)
	Level time: 1077749 game time, 1077749 day time
	Server brand: forge
	Server type: Integrated singleplayer server
Stacktrace:
	at net.minecraft.client.multiplayer.ClientLevel.m_6026_(ClientLevel.java:455) ~[client-1.20.1-20230612.114412-srg.jar%23302!/:?] {re:mixin,pl:accesstransformer:B,re:classloading,pl:accesstransformer:B,pl:mixin:APP:embeddium.mixins.json:features.render.world.ClientLevelMixin,pl:mixin:APP:xaerolib.mixins.json:MixinClientLevel,pl:mixin:APP:xaeroworldmap.mixins.json:MixinClientWorld,pl:mixin:APP:mixins.superbwarfare.json:ClientLevelMixin,pl:mixin:APP:xaerohud.mixins.json:MixinClientWorld,pl:mixin:APP:entityculling.mixins.json:ClientWorldMixin,pl:mixin:APP:architectury.mixins.json:MixinClientLevel,pl:mixin:APP:kubejs-common.mixins.json:ClientLevelMixin,pl:mixin:APP:kuroutils.mixins.json:client.ClientLevelAccessor,pl:mixin:APP:embeddium.mixins.json:core.world.biome.ClientWorldMixin,pl:mixin:APP:embeddium.mixins.json:core.world.map.ClientWorldMixin,pl:mixin:APP:embeddium.mixins.json:features.render.world.sky.ClientWorldMixin,pl:mixin:A}
	at net.minecraft.client.Minecraft.m_91354_(Minecraft.java:2319) ~[client-1.20.1-20230612.114412-srg.jar%23302!/:?] {re:mixin,pl:accesstransformer:B,re:classloading,pl:accesstransformer:B,pl:mixin:A}
	at net.minecraft.client.Minecraft.m_91374_(Minecraft.java:735) ~[client-1.20.1-20230612.114412-srg.jar%23302!/:?] {re:mixin,pl:accesstransformer:B,re:classloading,pl:accesstransformer:B,pl:mixin:A}
	at net.minecraft.client.main.Main.main(Main.java:218) ~[1.20.1-Forge_47.4.22.jar:?] {re:classloading}
	at jdk.internal.reflect.DirectMethodHandleAccessor.invoke(DirectMethodHandleAccessor.java:103) ~[?:?] {}
	at java.lang.reflect.Method.invoke(Method.java:580) ~[?:?] {}
	at net.minecraftforge.fml.loading.targets.CommonLaunchHandler.runTarget(CommonLaunchHandler.java:111) ~[fmlloader-1.20.1-47.4.22.jar:?] {}
	at net.minecraftforge.fml.loading.targets.CommonLaunchHandler.clientService(CommonLaunchHandler.java:99) ~[fmlloader-1.20.1-47.4.22.jar:?] {}
	at net.minecraftforge.fml.loading.targets.CommonClientLaunchHandler.lambda$makeService$0(CommonClientLaunchHandler.java:25) ~[fmlloader-1.20.1-47.4.22.jar:?] {}
	at cpw.mods.modlauncher.LaunchServiceHandlerDecorator.launch(LaunchServiceHandlerDecorator.java:30) ~[modlauncher-10.0.9.jar:?] {}
	at cpw.mods.modlauncher.LaunchServiceHandler.launch(LaunchServiceHandler.java:53) ~[modlauncher-10.0.9.jar:?] {}
	at cpw.mods.modlauncher.LaunchServiceHandler.launch(LaunchServiceHandler.java:71) ~[modlauncher-10.0.9.jar:?] {}
	at cpw.mods.modlauncher.Launcher.run(Launcher.java:108) ~[modlauncher-10.0.9.jar:?] {}
	at cpw.mods.modlauncher.Launcher.main(Launcher.java:78) ~[modlauncher-10.0.9.jar:?] {}
	at cpw.mods.modlauncher.BootstrapLaunchConsumer.accept(BootstrapLaunchConsumer.java:26) ~[modlauncher-10.0.9.jar:?] {}
	at cpw.mods.modlauncher.BootstrapLaunchConsumer.accept(BootstrapLaunchConsumer.java:23) ~[modlauncher-10.0.9.jar:?] {}
	at cpw.mods.bootstraplauncher.BootstrapLauncher.main(BootstrapLauncher.java:141) ~[bootstraplauncher-1.1.2.jar:?] {}


-- Last reload --
Details:
	Reload number: 1
	Reload reason: initial
	Finished: Yes
	Packs: vanilla, tacz_resources, mod_resources, KubeJS Resource Pack [assets], file/SBW Survival Instinct Armor V2.1.zip, file/SBW Fracture Point armor V1.zip, file/SBW Warborn Renewed Armor V3.zip, Moonlight Mods Dynamic Assets, file/SBW Brimm Armors V1.zip, file/SuperbWarfare Marbled's Arsenal ArmorV1.1.zip, file/SBW, file/fcp, file/vvp

-- System Details --
Details:
	Minecraft Version: 1.20.1
	Minecraft Version ID: 1.20.1
	Operating System: Windows 10 (amd64) version 10.0
	Java Version: 21.0.3, Microsoft
	Java VM Version: OpenJDK 64-Bit Server VM (mixed mode), Microsoft
	Memory: 1032646904 bytes (984 MiB) / 3690987520 bytes (3520 MiB) up to 8589934592 bytes (8192 MiB)
	CPUs: 12
	Processor Vendor: GenuineIntel
	Processor Name: Intel(R) Core(TM) i7-9750H CPU @ 2.60GHz
	Identifier: Intel64 Family 6 Model 158 Stepping 13
	Microarchitecture: Coffee Lake
	Frequency (GHz): 2.59
	Number of physical packages: 1
	Number of physical CPUs: 6
	Number of logical CPUs: 12
	Graphics card #0 name: NVIDIA GeForce RTX 2070 with Max-Q Design
	Graphics card #0 vendor: NVIDIA (0x10de)
	Graphics card #0 VRAM (MB): 4095.00
	Graphics card #0 deviceId: 0x1f50
	Graphics card #0 versionInfo: DriverVersion=32.0.16.1692
	Memory slot #0 capacity (MB): 8192.00
	Memory slot #0 clockSpeed (GHz): 2.67
	Memory slot #0 type: DDR4
	Memory slot #1 capacity (MB): 8192.00
	Memory slot #1 clockSpeed (GHz): 2.67
	Memory slot #1 type: DDR4
	Virtual memory max (MB): 25476.99
	Virtual memory used (MB): 20457.17
	Swap memory total (MB): 9216.00
	Swap memory used (MB): 0.00
	JVM Flags: 12 total; -XX:HeapDumpPath=MojangTricksIntelDriversForPerformance_javaw.exe_minecraft.exe.heapdump -XX:-OmitStackTraceInFastThrow -Xmx8192m -XX:+UnlockExperimentalVMOptions -XX:+UseG1GC -XX:G1NewSizePercent=20 -XX:G1ReservePercent=20 -XX:G1HeapRegionSize=32M -XX:MaxGCPauseMillis=50 -XX:+PerfDisableSharedMem -XX:MinHeapFreeRatio=25 -XX:MaxHeapFreeRatio=40
	Launched Version: 1.20.1-Forge_47.4.22
	Backend library: LWJGL version 3.3.1 build 7
	Backend API: NVIDIA GeForce RTX 2070 with Max-Q Design/PCIe/SSE2 GL version 4.6.0 NVIDIA 616.92, NVIDIA Corporation
	Window size: 1920x1080
	GL Caps: Using framebuffer using OpenGL 3.2
	GL debug messages: 
	Using VBOs: Yes
	Is Modded: Definitely; Client brand changed to 'forge'; Server brand changed to 'forge'
	Type: Integrated Server (map_client.txt)
	Graphics mode: fast
	Resource Packs: vanilla, tacz_resources, mod_resources, file/SBW Survival Instinct Armor V2.1.zip, file/SBW Fracture Point armor V1.zip, file/SBW Warborn Renewed Armor V3.zip, Moonlight Mods Dynamic Assets, file/SBW Brimm Armors V1.zip, file/SuperbWarfare Marbled's Arsenal ArmorV1.1.zip, file/SBW, file/fcp, file/vvp
	Current Language: zh_cn
	CPU: 12x Intel(R) Core(TM) i7-9750H CPU @ 2.60GHz
	Server Running: true
	Player Count: 1 / 8; [ServerPlayer['hongyunGXT'/39, l='ServerLevel[新的世界]', x=-1053.00, y=-58.98, z=-455.44]]
	Data Packs: vanilla, mod:rhino (incompatible), mod:e_ab_i_wt, mod:jsconf, mod:gunsmithlib (incompatible), mod:geckolib, mod:playeranimator (incompatible), mod:snassets_particles, mod:xaerolib (incompatible), mod:tacz, mod:tacz_extras (incompatible), mod:warbornrenewed, mod:taczaddon, mod:trender, mod:xaeroworldmap (incompatible), mod:taczmagazines, mod:modernfix (incompatible), mod:suppressingsbw (incompatible), mod:superbwarfare, mod:tacz_gun_damage_regulator, mod:memoryleakfix (incompatible), mod:warbornexplosives, mod:cloth_config (incompatible), mod:firstaid (incompatible), mod:forge, mod:dummmmmmy (incompatible), mod:embeddium, mod:nohurtflash, mod:bulletholes, mod:moonlight (incompatible), mod:necronomicon, mod:mixinsquared (incompatible), mod:jade (incompatible), mod:tacz_realistic_drop, mod:tacz_jade, mod:survival_instinct, mod:fcp, mod:lrtactical, mod:kotlinforforge (incompatible), mod:acceleratedrecoiling, mod:curios (incompatible), mod:ragdollified, mod:tacz_presence, mod:taczadditions, mod:entityculling, mod:tacz_firstaid_compat, mod:ysns (incompatible), mod:ragdollifiedpr, mod:architectury (incompatible), mod:kubejs (incompatible), mod:taczjs, mod:ferritecore (incompatible), mod:transition, mod:kuroutils, mod:packetfixer (incompatible), mod:acceleratedrendering, mod:simplebedrockmodel, superbwarfare:resourcepacks/sbw_legacy, tacz_resources, mod:marbledsarsenal, mod:armordamagelimit (incompatible), mod:mcore, mod:brimm (incompatible), mod:customskinloader (incompatible), mod:chat_heads (incompatible), mod:nochatreports (incompatible), mod:xaerominimap (incompatible), mod:fracturepoint, mod:armoredarms, mod:simpleenemymod, mod:flywheel, mod:komodo, file/SBW, mod:attributefix (incompatible), mod:dbd, mod:vvp, file/fcp, file/vvp, mod:tacz0ing, mod:chamber_clarity, mod:sbwchunkload, mod:ashvehicle, mod:sbw_flare_magazine_patch, mod:locknar_doorkick, mod:taczleaning, mod:xaerotacmap
	Enabled Feature Flags: minecraft:vanilla
	World Generation: Stable
	ModLauncher: 10.0.9+10.0.9+main.dcd20f30
	ModLauncher launch target: forgeclient
	ModLauncher naming: srg
	ModLauncher services: 
		mixin-0.8.5.jar mixin PLUGINSERVICE 
		eventbus-6.2.33.jar eventbus PLUGINSERVICE 
		fmlloader-1.20.1-47.4.22.jar slf4jfixer PLUGINSERVICE 
		fmlloader-1.20.1-47.4.22.jar object_holder_definalize PLUGINSERVICE 
		fmlloader-1.20.1-47.4.22.jar runtime_enum_extender PLUGINSERVICE 
		fmlloader-1.20.1-47.4.22.jar capability_token_subclass PLUGINSERVICE 
		accesstransformers-8.0.4.jar accesstransformer PLUGINSERVICE 
		fmlloader-1.20.1-47.4.22.jar runtimedistcleaner PLUGINSERVICE 
		modlauncher-10.0.9.jar mixin TRANSFORMATIONSERVICE 
		modlauncher-10.0.9.jar fml TRANSFORMATIONSERVICE 
		modlauncher-10.0.9.jar customskinloader-bootstrap TRANSFORMATIONSERVICE 
	FML Language Providers: 
		minecraft@1.0
		kotlinforforge@4.12.0
		lowcodefml@null
		javafml@null
	Mod List: 
		[犀牛] rhino-forge-2001.2.3-build.10.jar            |Rhino                         |rhino                         |2001.2.3-build.10   |DONE      |Manifest: NOSIGNATURE
		ArmoredArms-v1.2.2-1.20.1-f+neof-release.jar      |Armored Arms                  |armoredarms                   |1.2.2-1.20.1-f+neof-|DONE      |Manifest: NOSIGNATURE
		Arena Breakout Infinite Melee Pack-0.1.0.jar      |Arena Breakout: Infinite Melee|e_ab_i_wt                     |0.1.0               |DONE      |Manifest: NOSIGNATURE
		jsconf-1.1.1.jar                                  |JasonConfig                   |jsconf                        |1.1.1               |DONE      |Manifest: NOSIGNATURE
		gunsmithlib-forge-1.20.1-tacz1.1.8-6.4.4.jar      |GunsmithLib                   |gunsmithlib                   |6.4.4               |DONE      |Manifest: NOSIGNATURE
		geckolib-forge-1.20.1-4.8.4.jar                   |GeckoLib 4                    |geckolib                      |4.8.4               |DONE      |Manifest: NOSIGNATURE
		player-animation-lib-forge-1.0.2-rc1+1.20.jar     |Player Animator               |playeranimator                |1.0.2-rc1+1.20      |DONE      |Manifest: NOSIGNATURE
		CustomSkinLoader-Common.jar                       |CustomSkinLoader              |customskinloader              |15.0.1              |DONE      |Manifest: NOSIGNATURE
		snassets_particles-1.0.1.jar                      |SnAssets Particles            |snassets_particles            |1.0.1               |DONE      |Manifest: NOSIGNATURE
		[属性修复] AttributeFix-Forge-1.20.1-21.0.5.jar       |AttributeFix                  |attributefix                  |21.0.5              |DONE      |Manifest: eb:c4:b1:67:8b:f9:0c:db:dc:4f:01:b1:8e:61:64:39:4c:10:85:0b:a6:c4:c7:48:f0:fa:95:f2:cb:08:3a:e5
		xaerolib-forge-1.20.1-1.7.3.jar                   |XaeroLib                      |xaerolib                      |1.7.3               |DONE      |Manifest: NOSIGNATURE
		TRender-1.0.17-1.20.1-forge-SNAPSHOT.jar          |TRender                       |trender                       |1.0.17              |DONE      |Manifest: NOSIGNATURE
		ashvehicle-1.20.1-4.6-8.9.jar                     |ashvehicle                    |ashvehicle                    |1.20.1-4.6-8.9      |DONE      |Manifest: NOSIGNATURE
		marbledsarsenal-1.20.1forge-2.4.0.0.jar           |Marbled's Arsenal             |marbledsarsenal               |2.4.0.0             |DONE      |Manifest: NOSIGNATURE
		[Xaero的世界地图] xaeroworldmap-forge-1.20.1-1.46.0.jar|Xaero's World Map             |xaeroworldmap                 |1.46.0              |DONE      |Manifest: NOSIGNATURE
		taczmagazines-1.20.1-0.2.6-Beta.jar               |TaCZ: Magazines               |taczmagazines                 |0.2.6-Beta          |DONE      |Manifest: NOSIGNATURE
		[现代化修复] modernfix-forge-5.27.83+mc1.20.1.jar      |ModernFix                     |modernfix                     |5.27.83+mc1.20.1    |DONE      |Manifest: NOSIGNATURE
		[甲哇！／盔甲耐久损失限制] ArmorDamageLimit-1.20.1-1.0.0.jar  |Armor Damage Limit            |armordamagelimit              |1.0.0               |DONE      |Manifest: NOSIGNATURE
		mcore-1.20.1-1.0.3.0.jar                          |Marbled's Core                |mcore                         |1.0.3.0             |DONE      |Manifest: NOSIGNATURE
		[SBW] Suppressing-1.0.jar                         |SuppressingSBW                |suppressingsbw                |1.0                 |DONE      |Manifest: NOSIGNATURE
		Drill Baby Drill-1.3.2.jar                        |[SBW] Drill, baby, drill!     |dbd                           |1.3.2               |DONE      |Manifest: NOSIGNATURE
		[卓越前线] superbwarfare-0.8.9-final-mc1.20.1-6effe438|Superb Warfare                |superbwarfare                 |0.8.9               |DONE      |Manifest: NOSIGNATURE
		vvp-alpha-beta-1.20.1-0.2.1.jar                   |Vintage Vehicle Pack          |vvp                           |0.2.0               |DONE      |Manifest: NOSIGNATURE
		[聊天头像] chat_heads-0.15.7-forge-1.20.jar           |Chat Heads                    |chat_heads                    |0.15.7              |DONE      |Manifest: NOSIGNATURE
		[内存泄漏修复] memoryleakfix-forge-1.17+-1.1.5.jar      |Memory Leak Fix               |memoryleakfix                 |1.1.5               |DONE      |Manifest: NOSIGNATURE
		warbornexplosives-0.1.jar                         |WarBornExplosives             |warbornexplosives             |0.1                 |DONE      |Manifest: NOSIGNATURE
		cloth-config-11.1.136-forge.jar                   |Cloth Config v10 API          |cloth_config                  |11.1.136            |DONE      |Manifest: NOSIGNATURE
		[急救／医疗护理] firstaid-1.20.1-1.1.jar                 |First Aid                     |firstaid                      |1.20.1-1.1          |DONE      |Manifest: NOSIGNATURE
		forge-1.20.1-47.4.22-universal.jar                |Forge                         |forge                         |47.4.22             |DONE      |Manifest: NOSIGNATURE
		[试验假人] dummmmmmy-1.20-2.0.12-forge.jar            |MmmMmmMmmMmm                  |dummmmmmy                     |1.20-2.0.11         |DONE      |Manifest: NOSIGNATURE
		sbwchunkload-2.3.0.jar                            |[SBW] Projectile Chunk Loading|sbwchunkload                  |2.2.0               |DONE      |Manifest: NOSIGNATURE
		embeddium-0.3.31+mc1.20.1.jar                     |Embeddium                     |embeddium                     |0.3.31+mc1.20.1     |DONE      |Manifest: NOSIGNATURE
		nohurtflash-1.20.1-0.1.2.jar                      |No Hurt Flash (Reforged)      |nohurtflash                   |0.1.2               |DONE      |Manifest: NOSIGNATURE
		client-1.20.1-20230612.114412-srg.jar             |Minecraft                     |minecraft                     |1.20.1              |DONE      |Manifest: a1:d4:5e:04:4f:d3:d6:e0:7b:37:97:cf:77:b0:de:ad:4a:47:ce:8c:96:49:5f:0a:cf:8c:ae:b2:6d:4b:8a:3f
		output.jar                                        |BulletHoles                   |bulletholes                   |1                   |DONE      |Manifest: NOSIGNATURE
		moonlight-1.20-2.16.35-forge.jar                  |Moonlight Library             |moonlight                     |1.20-2.16.35        |DONE      |Manifest: NOSIGNATURE
		Necronomicon-Forge-1.6.0+1.20.1.jar               |Necronomicon                  |necronomicon                  |1.6.0               |DONE      |Manifest: NOSIGNATURE
		mixinsquared-forge-0.1.1.jar                      |MixinSquared                  |mixinsquared                  |0.1.1               |DONE      |Manifest: NOSIGNATURE
		[禁用聊天举报] NoChatReports-FORGE-1.20.1-v2.2.3.jar    |No Chat Reports               |nochatreports                 |1.20.1-v2.2.3       |DONE      |Manifest: NOSIGNATURE
		[玉 🔍] Jade-1.20.1-Forge-11.13.3.jar              |Jade                          |jade                          |11.13.3+forge       |DONE      |Manifest: NOSIGNATURE
		survival_instinct-1.0.2-forge-1.20.1.jar          |Survival Instinct             |survival_instinct             |1.0.2               |DONE      |Manifest: NOSIGNATURE
		fcp-1.2.1.jar                                     |Frontline Combat Pack         |fcp                           |1.2.1               |DONE      |Manifest: NOSIGNATURE
		kffmod-4.12.0.jar                                 |Kotlin For Forge              |kotlinforforge                |4.12.0              |DONE      |Manifest: NOSIGNATURE
		[加速碰撞] acceleratedrecoiling-20.1.12-alpha-all.jar |AcceleratedRecoiling          |acceleratedrecoiling          |20.1.12-alpha       |DONE      |Manifest: NOSIGNATURE
		taczleaning-1.0.jar                               |taczleaning                   |taczleaning                   |1.0                 |DONE      |Manifest: NOSIGNATURE
		curios-forge-5.14.1+1.20.1.jar                    |Curios API                    |curios                        |5.14.1+1.20.1       |DONE      |Manifest: NOSIGNATURE
		ragdollified-1.20.1-1.1.1-hotfix-RELEASE.jar      |Ragdollified                  |ragdollified                  |1.1.1-hotfix-RELEASE|DONE      |Manifest: NOSIGNATURE
		simpleenemymod-1.20.1-0.1.6-beta-hotfix.jar       |[SEM] Simple Enemy Mod        |simpleenemymod                |1.20.1-0.1.6-beta-ho|DONE      |Manifest: NOSIGNATURE
		[永恒枪械工坊：零] tacz-1.20.1-1.1.8-hotfix.jar           |Timeless & Classics Guns: Zero|tacz                          |1.1.8-hotfix        |DONE      |Manifest: NOSIGNATURE
		tacz_extras-1.20.1-1.1.1.jar                      |TACZ Extras                   |tacz_extras                   |1.1.1               |DONE      |Manifest: NOSIGNATURE
		WRB-Armor-Forge-1.20.1-0.6.1.jar                  |WarBorn Renewed               |warbornrenewed                |0.6.1               |DONE      |Manifest: NOSIGNATURE
		taczaddon-1.1.8.1-hotfix6-forge-1.20.1.jar        |TACZ-addon                    |taczaddon                     |1.1.8.1             |DONE      |Manifest: NOSIGNATURE
		tacz_damage_tweaker-1.9.0.jar                     |tacz Gun Damage Regulator     |tacz_gun_damage_regulator     |1.9.0               |DONE      |Manifest: NOSIGNATURE
		Tacz-Animation-Additions-1.2.5.jar                |Tacz Animation Additions      |locknar_doorkick              |1.2.5               |DONE      |Manifest: NOSIGNATURE
		tacz_realistic_drop-1.0.0-beta.jar                |[TacZ] Realistic Drop         |tacz_realistic_drop           |1.0.0-beta          |DONE      |Manifest: NOSIGNATURE
		tacz-jade-1.20.1-forge-1.0.0.jar                  |TaCZ Jade                     |tacz_jade                     |1.0.0               |DONE      |Manifest: NOSIGNATURE
		[TaCZ：绿葡萄战术装备] lrtactical-1.20.1-0.4.3.jar        |LesRaisins Tactical Equipments|lrtactical                    |0.4.3               |DONE      |Manifest: NOSIGNATURE
		tacz0ing-1.5.2.jar                                |TACZ Scope Zeroing            |tacz0ing                      |1.0.0               |DONE      |Manifest: NOSIGNATURE
		flywheel-forge-1.20.1-1.0.4.jar                   |Flywheel                      |flywheel                      |1.0.4               |DONE      |Manifest: NOSIGNATURE
		tacz_presence-1.4.jar                             |TaCZ: Presence                |tacz_presence                 |1.4                 |DONE      |Manifest: NOSIGNATURE
		[Xaero的小地图] xaerominimap-forge-1.20.1-26.5.0.jar  |Xaero's Minimap               |xaerominimap                  |26.5.0              |DONE      |Manifest: NOSIGNATURE
		xaerotacmap-4.0.1.jar                             |Xaero Tactical Map            |xaerotacmap                   |4.0.2               |DONE      |Manifest: NOSIGNATURE
		chamber_clarity-4.0.0-1.20.1.jar                  |Chamber Clarity               |chamber_clarity               |4.0.0-1.20.1        |DONE      |Manifest: NOSIGNATURE
		taczadditions-1.20.1-1.3.5.jar                    |TaCZ: Additions               |taczadditions                 |1.3.5               |DONE      |Manifest: NOSIGNATURE
		[实体渲染机制优化] entityculling-forge-1.11.2-mc1.20.1.jar|EntityCulling                 |entityculling                 |1.11.2              |DONE      |Manifest: NOSIGNATURE
		tacz-firstaid-compat-1.0.0.jar                    |[TaCZ] First Aid Compat       |tacz_firstaid_compat          |1.0.0               |DONE      |Manifest: NOSIGNATURE
		brimm-2.0.3.jar                                   |Brimm Armors                  |brimm                         |2.0.3               |DONE      |Manifest: NOSIGNATURE
		fracturepoint-1.20.1-3.0.0-PT2-all.jar            |Fracture Point                |fracturepoint                 |3.0.0-PT2           |DONE      |Manifest: NOSIGNATURE
		YouShallNotSpawn-forge-1.20.x-2.0.2.jar           |You Shall Not Spawn           |ysns                          |2.0.2               |DONE      |Manifest: NOSIGNATURE
		ragdollifiedpr-1.20.1-0.1.3-BETA.jar              |Ragdollified Player Revive    |ragdollifiedpr                |0.1.3-BETA          |DONE      |Manifest: NOSIGNATURE
		architectury-9.2.14-forge.jar                     |Architectury                  |architectury                  |9.2.14              |DONE      |Manifest: NOSIGNATURE
		kubejs-forge-2001.6.5-build.26.jar                |KubeJS                        |kubejs                        |2001.6.5-build.26   |DONE      |Manifest: NOSIGNATURE
		taczjs-forge-1.4.2+mc1.20.1.jar                   |TaCZ JS                       |taczjs                        |1.4.2+mc1.20.1      |DONE      |Manifest: NOSIGNATURE
		[铁氧体磁芯] ferritecore-6.0.1-forge.jar               |Ferrite Core                  |ferritecore                   |6.0.1               |DONE      |Manifest: 41:ce:50:66:d1:a0:05:ce:a1:0e:02:85:9b:46:64:e0:bf:2e:cf:60:30:9a:fe:0c:27:e0:63:66:9a:84:ce:8a
		TRansition-1.0.25-1.20.1-forge-SNAPSHOT.jar       |TRansition                    |transition                    |1.0.25              |DONE      |Manifest: NOSIGNATURE
		kuroutils2-2001.2.5.1.jar                         |Kuro Utils                    |kuroutils                     |2001.2.5.1          |DONE      |Manifest: NOSIGNATURE
		komodo-1.20.1-Forge-1.2.3.jar                     |Komodo SBW renderer           |komodo                        |1.2.3               |DONE      |Manifest: NOSIGNATURE
		SBWFlareMagazinePatch-1.2.1-FORGE47-UNIVERSAL-forg|SBW Flare Magazine Patch      |sbw_flare_magazine_patch      |1.2.1               |DONE      |Manifest: NOSIGNATURE
		packetfixer-3.3.2-1.18-1.20.4-merged.jar          |PacketFixer                   |packetfixer                   |3.3.2               |DONE      |Manifest: NOSIGNATURE
		[加速渲染] acceleratedrendering-1.0.14-1.20.1-alpha.ja|Accelerated Rendering         |acceleratedrendering          |1.0.14-1.20.1-alpha |DONE      |Manifest: NOSIGNATURE
		simplebedrockmodel-2.3.3-forge-mc1.20.1.jar       |SimpleBedrockModel            |simplebedrockmodel            |2.3.3-forge-mc1.20.1|DONE      |Manifest: NOSIGNATURE
	Crash Report UUID: b0167469-2ac9-4fe9-bdc5-68a7ef40e8e6
	FML: 47.4
	Forge: net.minecraftforge:47.4.22
	Flywheel Backend: flywheel:indirect
[13:32:26] [Render thread/FATAL] [ne.mi.co.ForgeMod/]: Preparing crash report with UUID 4511e409-5c45-49a1-a5c0-77be6dd9d3c3
[13:32:26] [Render thread/INFO] [STDOUT/]: [net.minecraft.server.Bootstrap:m_135875_:151]: #@!@# Game crashed! Crash report saved to: #@!@# C:\[PCL\.minecraft\versions\1.20.1-Forge_47.4.22\crash-reports\crash-2026-09-27_13.32.26-client.txt